> Task :app:preBuild UP-TO-DATE
> Task :app:preDebugBuild UP-TO-DATE
> Task :app:generateDebugResources UP-TO-DATE
> Task :app:packageDebugResources UP-TO-DATE
> Task :app:processDebugNavigationResources UP-TO-DATE
> Task :app:parseDebugLocalResources UP-TO-DATE
> Task :app:generateDebugRFile UP-TO-DATE

> Task :app:compileDebugKotlin FAILED
.\gradlew.bat : e: file:///C:/Users/7014r/AndroidStudioProjects/AnantApp/app/sr
c/main/java/com/example/anantapp/MainActivity.kt:160:21 No parameter with name 
'onBackClick' found.
At line:1 char:1
+ .\gradlew.bat compileDebugKotlin 2>&1 > build_output.txt ; Get-Conten ...
+ ~~~~~~~~~~~~~~~~~~~~~~~~~~~~~~~~~~~~~~~~~~~~~~~~~~~~~~~~
    + CategoryInfo          : NotSpecified: (e: file:///C:/U...ckClick' found. 
   :String) [], RemoteException
    + FullyQualifiedErrorId : NativeCommandError
 
e: file:///C:/Users/7014r/AndroidStudioProjects/AnantApp/app/src/main/java/com/
example/anantapp/MainActivity.kt:163:21 No parameter with name 'onNextClick' 
found.
e: file:///C:/Users/7014r/AndroidStudioProjects/AnantApp/app/src/main/java/com/
example/anantapp/MainActivity.kt:163:37 Cannot infer type for this parameter. 
Specify it explicitly.
e: file:///C:/Users/7014r/AndroidStudioProjects/AnantApp/app/src/main/java/com/
example/anantapp/presentation/viewmodel/UserDetailsViewModel.kt:7:49 
Unresolved reference 'UserDetailsFormState'.
e: file:///C:/Users/7014r/AndroidStudioProjects/AnantApp/app/src/main/java/com/
example/anantapp/presentation/viewmodel/UserDetailsViewModel.kt:10:30 Cannot 
infer type for this parameter. Specify it explicitly.
e: file:///C:/Users/7014r/AndroidStudioProjects/AnantApp/app/src/main/java/com/
example/anantapp/presentation/viewmodel/UserDetailsViewModel.kt:10:47 
Unresolved reference 'UserDetailsFormState'.
e: file:///C:/Users/7014r/AndroidStudioProjects/AnantApp/app/src/main/java/com/
example/anantapp/presentation/viewmodel/UserDetailsViewModel.kt:11:30 
Unresolved reference 'UserDetailsFormState'.
e: file:///C:/Users/7014r/AndroidStudioProjects/AnantApp/app/src/main/java/com/
example/anantapp/presentation/viewmodel/UserDetailsViewModel.kt:11:65 Cannot 
infer type for this parameter. Specify it explicitly.
e: file:///C:/Users/7014r/AndroidStudioProjects/AnantApp/app/src/main/java/com/
example/anantapp/presentation/viewmodel/UserDetailsViewModel.kt:14:45 
Unresolved reference 'copy'.
e: file:///C:/Users/7014r/AndroidStudioProjects/AnantApp/app/src/main/java/com/
example/anantapp/presentation/viewmodel/UserDetailsViewModel.kt:18:45 
Unresolved reference 'copy'.
e: file:///C:/Users/7014r/AndroidStudioProjects/AnantApp/app/src/main/java/com/
example/anantapp/presentation/viewmodel/UserDetailsViewModel.kt:22:45 
Unresolved reference 'copy'.
e: file:///C:/Users/7014r/AndroidStudioProjects/AnantApp/app/src/main/java/com/
example/anantapp/presentation/viewmodel/UserDetailsViewModel.kt:26:45 
Unresolved reference 'copy'.
e: file:///C:/Users/7014r/AndroidStudioProjects/AnantApp/app/src/main/java/com/
example/anantapp/presentation/viewmodel/UserDetailsViewModel.kt:30:45 
Unresolved reference 'copy'.
e: file:///C:/Users/7014r/AndroidStudioProjects/AnantApp/app/src/main/java/com/
example/anantapp/presentation/viewmodel/UserDetailsViewModel.kt:34:45 
Unresolved reference 'copy'.
e: file:///C:/Users/7014r/AndroidStudioProjects/AnantApp/app/src/main/java/com/
example/anantapp/presentation/viewmodel/UserDetailsViewModel.kt:38:45 
Unresolved reference 'copy'.
e: file:///C:/Users/7014r/AndroidStudioProjects/AnantApp/app/src/main/java/com/
example/anantapp/presentation/viewmodel/UserDetailsViewModel.kt:42:45 
Unresolved reference 'copy'.
e: file:///C:/Users/7014r/AndroidStudioProjects/AnantApp/app/src/main/java/com/
example/anantapp/presentation/viewmodel/UserDetailsViewModel.kt:46:45 
Unresolved reference 'copy'.
e: file:///C:/Users/7014r/AndroidStudioProjects/AnantApp/app/src/main/java/com/
example/anantapp/presentation/viewmodel/UserDetailsViewModel.kt:50:45 
Unresolved reference 'copy'.
e: file:///C:/Users/7014r/AndroidStudioProjects/AnantApp/app/src/main/java/com/
example/anantapp/presentation/viewmodel/UserDetailsViewModel.kt:54:45 
Unresolved reference 'copy'.
e: file:///C:/Users/7014r/AndroidStudioProjects/AnantApp/app/src/main/java/com/
example/anantapp/presentation/viewmodel/UserDetailsViewModel.kt:58:45 
Unresolved reference 'copy'.
e: file:///C:/Users/7014r/AndroidStudioProjects/AnantApp/app/src/main/java/com/
example/anantapp/presentation/viewmodel/UserDetailsViewModel.kt:62:45 
Unresolved reference 'copy'.
e: file:///C:/Users/7014r/AndroidStudioProjects/AnantApp/app/src/main/java/com/
example/anantapp/presentation/viewmodel/UserDetailsViewModel.kt:66:50 
Unresolved reference 'selectedMedicalConditions'.
e: file:///C:/Users/7014r/AndroidStudioProjects/AnantApp/app/src/main/java/com/
example/anantapp/presentation/viewmodel/UserDetailsViewModel.kt:70:31 
Unresolved reference 'add'.
e: file:///C:/Users/7014r/AndroidStudioProjects/AnantApp/app/src/main/java/com/
example/anantapp/presentation/viewmodel/UserDetailsViewModel.kt:72:45 
Unresolved reference 'copy'.
e: file:///C:/Users/7014r/AndroidStudioProjects/AnantApp/app/src/main/java/com/
example/anantapp/presentation/viewmodel/UserDetailsViewModel.kt:76:28 
Unresolved reference 'UserDetailsFormState'.
e: file:///C:/Users/7014r/AndroidStudioProjects/AnantApp/app/src/main/java/com/
example/anantapp/presentation/viewmodel/UserDetailsViewModel.kt:79:24 
Unresolved reference 'UserDetailsFormState'.

FAILURE: Build failed with an exception.

* What went wrong:
Execution failed for task ':app:compileDebugKotlin'.
> A failure occurred while executing org.jetbrains.kotlin.compilerRunner.Gradle
CompilerRunnerWithWorkers$GradleKotlinCompilerWorkAction
   > Compilation error. See log for more details

* Try:
> Run with --stacktrace option to get the stack trace.
> Run with --info or --debug option to get more log output.
> Run with --scan to generate a Build Scan (Powered by Develocity).
> Get more help at https://help.gradle.org.

BUILD FAILED in 24s
6 actionable tasks: 1 executed, 5 up-to-date
